[backblue.gif]
[fade.gif]
[index.html]
[static.gso.org.sa/gso-uicore/assets/images/mutabiq/apple-icon-57x57.png]
[static.gso.org.sa/gso-uicore/assets/images/mutabiq/apple-icon-60x60.png]
[static.gso.org.sa/gso-uicore/assets/images/mutabiq/apple-icon-72x72.png]
[static.gso.org.sa/gso-uicore/assets/images/mutabiq/apple-icon-76x76.png]
[static.gso.org.sa/gso-uicore/assets/images/mutabiq/apple-icon-114x114.png]
[static.gso.org.sa/gso-uicore/assets/images/mutabiq/apple-icon-120x120.png]
[static.gso.org.sa/gso-uicore/assets/images/mutabiq/apple-icon-144x144.png]
[static.gso.org.sa/gso-uicore/assets/images/mutabiq/apple-icon-152x152.png]
[static.gso.org.sa/gso-uicore/assets/images/mutabiq/apple-icon-180x180.png]
[static.gso.org.sa/gso-uicore/assets/images/mutabiq/android-icon-192x192.png]
[static.gso.org.sa/gso-uicore/assets/images/mutabiq/favicon-32x32.png]
[static.gso.org.sa/gso-uicore/assets/images/mutabiq/favicon-96x96.png]
[static.gso.org.sa/gso-uicore/assets/images/mutabiq/favicon-16x16.png]
[static.gso.org.sa/frameworks/bootstrap/4.0.0/bootstrap.min.css]
[static.gso.org.sa/font-awesome/css/font-awesome.min.css]
[static.gso.org.sa/gso-uicore/assets/plugins/sweetalert/sweetalert.css]
[static.gso.org.sa/jslib/jquery-gritter/1.7.4/css/jquery.gritter.css]
[static.gso.org.sa/jslib/select2/4.0.5/css/select2.min.css]
[static.gso.org.sa/ace/css/flag-icon.min.css]
[static.gso.org.sa/jslib/bootstrap-editable/bootstrap-editable-bs4.css]
[static.gso.org.sa/gso-uicore/assets/plugins/datepicker/datepicker.min.css]
[static.gso.org.sa/gso-uicore/assets/css/gso-uicore.min.css]
[static.gso.org.sa/gso-uicore/themes/gso/style.min.css]
[static.gso.org.sa/gso-uicore/assets/js/vendor/modernizr-2.8.3.min.js]
[static.gso.org.sa/gso-uicore/assets/images/hero_cc_certificates_bg.jpg]
[static.gso.org.sa/gso-uicore/assets/images/hero_cc_certificates.png]
[static.gso.org.sa/gso-uicore/assets/images/hero_cc_labels_bg.jpg]
[static.gso.org.sa/gso-uicore/assets/images/hero_cc_labels.png]
[static.gso.org.sa/gso-uicore/assets/images/hero_cc_recalls_bg.jpg]
[static.gso.org.sa/gso-uicore/assets/images/hero_cc_recalls.png]
[static.gso.org.sa/gso-uicore/assets/images/icon_appstore.png]
[static.gso.org.sa/gso-uicore/assets/images/icon_playstore.png]
[static.gso.org.sa/gso-uicore/assets/images/mutabiq/logo_mutabiq.png]
[static.gso.org.sa/gso-uicore/assets/images/logo_gso.png]
[static.gso.org.sa/jslib/jquery-3.3.1.min.js]
[static.gso.org.sa/frameworks/bootstrap/4.0.0/popper.min.js]
[static.gso.org.sa/frameworks/bootstrap/4.0.0/bootstrap.min.js]
[static.gso.org.sa/jslib/slimscroll/1.3.8/jquery.slimscroll.min.js]
[static.gso.org.sa/jslib/swal/2.1.0/sweetalert.min.js]
[static.gso.org.sa/jslib/vue/2.6.10/dist/vue.min.js]
[static.gso.org.sa/jslib/momentjs/2.20.1/moment-with-locales.min.js]
[static.gso.org.sa/jslib/lodash/4.17.4/lodash.min.js]
[static.gso.org.sa/jslib/bootpag/bs-4-1.0.7/jquery.bootpag.min.js]
[www.gso.org.sa/ace/js/jquery.autosize.js]
[www.gso.org.sa/ace/js/jquery.form.js]
[www.gso.org.sa/ace/js/jquery.validate.js]
[www.gso.org.sa/ace/js/jquery.timeago.js]
[www.gso.org.sa/ace/js/jquery.timeago.ltr.js]
[static.gso.org.sa/jslib/jquery-gritter/1.7.4/js/jquery.gritter.min.js]
[static.gso.org.sa/jslib/select2/4.0.5/js/select2.full.min.js]
[static.gso.org.sa/ace/js/mustache.js]
[static.gso.org.sa/gso-uicore/assets/plugins/datepicker/bootstrap-datepicker.min.js]
[static.gso.org.sa/ace/js/filesize.min.js]
[static.gso.org.sa/jslib/bootstrap-editable/bootstrap-editable-bs4.js]
[www.gso.org.sa/cc/assets/js/commonc4ca.js]
[www.gso.org.sa/cc/assets/js/gso-uicore.minc4ca.js]
[www.gso.org.sa/cc/index.html]
[static.gso.org.sa/frameworks/bootstrap/4.0.0/bootstrap.min.css]
[static.gso.org.sa/font-awesome/css/font-awesome.min.css]
[static.gso.org.sa/gso-uicore/assets/plugins/sweetalert/sweetalert.css]
[static.gso.org.sa/gso-uicore/assets/js/gso-uicore.minc4ca.js]
[static.gso.org.sa/jslib/jquery-gritter/1.7.4/images/ie-spacer.gif]
[static.gso.org.sa/jslib/jquery-gritter/1.7.4/images/gritter.png]
[static.gso.org.sa/jslib/jquery-gritter/1.7.4/images/gritter-light.png]
[static.gso.org.sa/jslib/jquery-gritter/1.7.4/css/jquery.gritter.css]
[static.gso.org.sa/jslib/select2/4.0.5/css/select2.min.css]
[static.gso.org.sa/ace/css/flag-icon.min.css]
[static.gso.org.sa/gso-uicore/assets/images/loading_sml.gif]
[static.gso.org.sa/gso-uicore/assets/images/clear.png]
[static.gso.org.sa/jslib/bootstrap-editable/bootstrap-editable-bs4.css]
[static.gso.org.sa/gso-uicore/assets/plugins/datepicker/datepicker.min.css]
[static.gso.org.sa/gso-uicore/assets/css/gso-uicore.min.css]
[static.gso.org.sa/gso-uicore/themes/gso/style.min.css]
[www.gso.org.sa/cc/scripts/public/mv-recommender.js]
[www.gso.org.sa/cc/mv-fuel-economy-guide.html]
[www.google.com/recaptcha/api3e7d.js]
[www.gso.org.sa/cc/page/vin-details.html]
[static.gso.org.sa/frameworks/bootstrap/4.0.0/bootstrap-rtl.min.css]
[static.gso.org.sa/gso-uicore/assets/css/MyFontsWebfontsKit.css]
[static.gso.org.sa/frameworks/bootstrap/4.0.0/bootstrap-rtl.min.js]
[www.gso.org.sa/ace/js/jquery.timeago.rtl.js]
[www.gso.org.sa/cc/indexd6cc.html]
[www.gso.org.sa/cc/page/gcc-officer-dashboard.html]
[www.gso.org.sa/cc/mv-fuel-economy-guided6cc.html]
[www.gso.org.sa/flags/CN.png]
[www.gso.org.sa/cc/v/mv/176905.html]
[www.gso.org.sa/cc/v/mv/182790.html]
[www.gso.org.sa/flags/GB.png]
[www.gso.org.sa/cc/v/mv/155435.html]
[www.gso.org.sa/cc/v/mv/155436.html]
[www.gso.org.sa/cc/v/mv/172892.html]
[www.gso.org.sa/cc/v/mv/136216.html]
[www.gso.org.sa/cc/v/mv/181186.html]
[www.gso.org.sa/cc/v/mv/136251.html]
[www.gso.org.sa/cc/v/mv/182789.html]
[www.gso.org.sa/cc/v/mv/170948.html]
[www.gso.org.sa/cc/v/mv/176908.html]
[www.gso.org.sa/cc/v/mv/176909.html]
[www.gso.org.sa/cc/v/mv/182788.html]
[www.gso.org.sa/cc/v/mv/176904.html]
[www.gso.org.sa/cc/v/mv/176910.html]
[www.gso.org.sa/cc/v/mv/181185.html]
[www.gso.org.sa/cc/v/mv/157498.html]
[www.gso.org.sa/cc/v/mv/166068.html]
[www.gso.org.sa/cc/v/mv/158427.html]
[www.gso.org.sa/flags/FR.png]
[www.gso.org.sa/cc/v/mv/137755.html]
[www.gso.org.sa/cc/page/vin-detailsd6cc.html]
[static.gso.org.sa/frameworks/bootstrap/4.0.0/bootstrap-rtl.min.css]
[static.gso.org.sa/gso-uicore/assets/css/MyFontsWebfontsKit.css]
[www.gso.org.sa/cc/index9ed2.html]
[www.gso.org.sa/cc/page/gcc-officer-dashboard9ed2.html]
[www.gso.org.sa/cc/mv-fuel-economy-guide9ed2.html]
[www.gso.org.sa/cc/v/mv/1769059ed2.html]
[static.gso.org.sa/gso-uicore/themes/gso/images/apple-icon-57x57.png]
[static.gso.org.sa/gso-uicore/themes/gso/images/apple-icon-60x60.png]
[static.gso.org.sa/gso-uicore/themes/gso/images/apple-icon-72x72.png]
[static.gso.org.sa/gso-uicore/themes/gso/images/apple-icon-76x76.png]
[static.gso.org.sa/gso-uicore/themes/gso/images/apple-icon-114x114.png]
[static.gso.org.sa/gso-uicore/themes/gso/images/apple-icon-120x120.png]
[static.gso.org.sa/gso-uicore/themes/gso/images/apple-icon-144x144.png]
[static.gso.org.sa/gso-uicore/themes/gso/images/apple-icon-152x152.png]
[static.gso.org.sa/gso-uicore/themes/gso/images/apple-icon-180x180.png]
[static.gso.org.sa/gso-uicore/themes/gso/images/android-icon-192x192.png]
[static.gso.org.sa/gso-uicore/themes/gso/images/favicon-32x32.png]
[static.gso.org.sa/gso-uicore/themes/gso/images/favicon-96x96.png]
[static.gso.org.sa/gso-uicore/themes/gso/images/favicon-16x16.png]
[static.gso.org.sa/gso-uicore/themes/gso/images/ms-icon-70x70.png]
[static.gso.org.sa/gso-uicore/themes/gso/images/ms-icon-144x144.png]
[static.gso.org.sa/gso-uicore/themes/gso/images/ms-icon-150x150.png]
[static.gso.org.sa/gso-uicore/themes/gso/images/ms-icon-310x310.png]
[static.gso.org.sa/gso-uicore/assets/js/gso-uicore.min.js]
[widget.freshworks.com/widgetBase/bootstrap.js]
[assets.freshdesk.com/widget/freshwidget.js]
[www.gso.org.sa/cc/v/515522.html]
[www.gso.org.sa/cc/v/mv/1827909ed2.html]
[www.gso.org.sa/cc/v/538061.html]
[www.gso.org.sa/cc/v/mv/1554359ed2.html]
[www.gso.org.sa/cc/v/456214.html]
[www.gso.org.sa/cc/v/mv/1554369ed2.html]
[www.gso.org.sa/cc/v/456215.html]
[www.gso.org.sa/cc/v/mv/1728929ed2.html]
[www.gso.org.sa/cc/v/505533.html]
[www.gso.org.sa/cc/v/505534.html]
[www.gso.org.sa/cc/v/mv/1362169ed2.html]
[www.gso.org.sa/cc/v/401488.html]
[www.gso.org.sa/cc/v/mv/1811869ed2.html]
[www.gso.org.sa/cc/v/534699.html]
[www.gso.org.sa/cc/v/mv/1362519ed2.html]
[www.gso.org.sa/cc/v/401487.html]
[www.gso.org.sa/cc/v/mv/1827899ed2.html]
[www.gso.org.sa/cc/v/538058.html]
[www.gso.org.sa/cc/v/mv/1709489ed2.html]
[www.gso.org.sa/cc/v/501795.html]
[www.gso.org.sa/cc/v/mv/1769089ed2.html]
[www.gso.org.sa/cc/v/517376.html]
[www.gso.org.sa/cc/v/mv/1769099ed2.html]
[www.gso.org.sa/cc/v/517375.html]
[www.gso.org.sa/cc/v/mv/1827889ed2.html]
[www.gso.org.sa/cc/v/538060.html]
[www.gso.org.sa/cc/v/mv/1769049ed2.html]
[www.gso.org.sa/cc/v/515511.html]
[www.gso.org.sa/cc/v/mv/1769109ed2.html]
[www.gso.org.sa/cc/v/517377.html]
[www.gso.org.sa/cc/v/517378.html]
[www.gso.org.sa/cc/v/mv/1811859ed2.html]
[www.gso.org.sa/cc/v/534700.html]
[www.gso.org.sa/cc/v/mv/1574989ed2.html]
[www.gso.org.sa/cc/v/462382.html]
[www.gso.org.sa/cc/v/467417.html]
[www.gso.org.sa/cc/v/mv/1660689ed2.html]
[www.gso.org.sa/cc/v/488327.html]
[www.gso.org.sa/cc/v/mv/1584279ed2.html]
[www.gso.org.sa/cc/v/464128.html]
[www.gso.org.sa/cc/v/478999.html]
[www.gso.org.sa/cc/v/mv/1377559ed2.html]
[www.gso.org.sa/cc/v/404787.html]
[www.gso.org.sa/cc/page/vin-details9ed2.html]
[www.gso.org.sa/cc/page/gcc-officer-dashboardd6cc.html]
[www.gso.org.sa/cc/v/mv/176905d6cc.html]
[www.gso.org.sa/cc/v/515522d6cc.html]
[assets.freshdesk.com/widget/freshwidget.js]
[www.gso.org.sa/cc/v/mv/182790d6cc.html]
[www.gso.org.sa/cc/v/538061d6cc.html]
[www.gso.org.sa/cc/v/mv/155435d6cc.html]
[www.gso.org.sa/cc/v/456214d6cc.html]
[www.gso.org.sa/cc/v/mv/155436d6cc.html]
[www.gso.org.sa/cc/v/456215d6cc.html]
[www.gso.org.sa/cc/v/mv/172892d6cc.html]
[www.gso.org.sa/cc/v/505533d6cc.html]
[www.gso.org.sa/cc/v/505534d6cc.html]
[www.gso.org.sa/cc/v/mv/136216d6cc.html]
[www.gso.org.sa/cc/v/401488d6cc.html]
[www.gso.org.sa/cc/v/mv/181186d6cc.html]
[www.gso.org.sa/cc/v/534699d6cc.html]
[www.gso.org.sa/cc/v/mv/136251d6cc.html]
[www.gso.org.sa/cc/v/401487d6cc.html]
[www.gso.org.sa/cc/v/mv/182789d6cc.html]
[www.gso.org.sa/cc/v/538058d6cc.html]
[www.gso.org.sa/cc/v/mv/170948d6cc.html]
[www.gso.org.sa/cc/v/501795d6cc.html]
[www.gso.org.sa/cc/v/mv/176908d6cc.html]
[www.gso.org.sa/cc/v/517376d6cc.html]
[www.gso.org.sa/cc/v/mv/176909d6cc.html]
[www.gso.org.sa/cc/v/517375d6cc.html]
[www.gso.org.sa/cc/v/mv/182788d6cc.html]
[www.gso.org.sa/cc/v/538060d6cc.html]
[www.gso.org.sa/cc/v/mv/176904d6cc.html]
[www.gso.org.sa/cc/v/515511d6cc.html]
[www.gso.org.sa/cc/v/mv/176910d6cc.html]
[www.gso.org.sa/cc/v/517377d6cc.html]
[www.gso.org.sa/cc/v/517378d6cc.html]
[www.gso.org.sa/cc/v/mv/181185d6cc.html]
[www.gso.org.sa/cc/v/534700d6cc.html]
[www.gso.org.sa/cc/v/mv/157498d6cc.html]
[www.gso.org.sa/cc/v/462382d6cc.html]
[www.gso.org.sa/cc/v/467417d6cc.html]
[www.gso.org.sa/cc/v/mv/166068d6cc.html]
[www.gso.org.sa/cc/v/488327d6cc.html]
[www.gso.org.sa/cc/v/mv/158427d6cc.html]
[www.gso.org.sa/cc/v/464128d6cc.html]
[www.gso.org.sa/cc/v/478999d6cc.html]
[www.gso.org.sa/cc/v/mv/137755d6cc.html]
[www.gso.org.sa/cc/v/404787d6cc.html]
[www.gso.org.sa/cc/v/5155229ed2.html]
[www.gso.org.sa/cc/v/5380619ed2.html]
[www.gso.org.sa/cc/v/4562149ed2.html]
[www.gso.org.sa/cc/v/4562159ed2.html]
[www.gso.org.sa/cc/v/5055339ed2.html]
[www.gso.org.sa/cc/v/5055349ed2.html]
[www.gso.org.sa/cc/v/4014889ed2.html]
[www.gso.org.sa/cc/v/5346999ed2.html]
[www.gso.org.sa/cc/v/4014879ed2.html]
[www.gso.org.sa/cc/v/5380589ed2.html]
[www.gso.org.sa/cc/v/5017959ed2.html]
[www.gso.org.sa/cc/v/5173769ed2.html]
[www.gso.org.sa/cc/v/5173759ed2.html]
[www.gso.org.sa/cc/v/5380609ed2.html]
[www.gso.org.sa/cc/v/5155119ed2.html]
[www.gso.org.sa/cc/v/5173779ed2.html]
[www.gso.org.sa/cc/v/5173789ed2.html]
[www.gso.org.sa/cc/v/5347009ed2.html]
[www.gso.org.sa/cc/v/4623829ed2.html]
[www.gso.org.sa/cc/v/4674179ed2.html]
[www.gso.org.sa/cc/v/4883279ed2.html]
[www.gso.org.sa/cc/v/4641289ed2.html]
[www.gso.org.sa/cc/v/4789999ed2.html]
[www.gso.org.sa/cc/v/4047879ed2.html]
